// Jest Snapshot v1, https://goo.gl/fbAQLP

exports[`Visibility component 1`] = `
<DocumentFragment>
  <li>
    Use hook component: 
    <i>
      true
    </i>
  </li>
</DocumentFragment>
`;
